2026-01-11 21:23:27.549 [info] [main] Log level: Info
2026-01-11 21:23:27.549 [info] [main] Validating found git in: "git"
2026-01-11 21:23:27.549 [info] [main] Using git "2.51.2" from "git"
2026-01-11 21:23:27.549 [info] [Model][doInitialScan] Initial repository scan started
2026-01-11 21:23:27.549 [info] > git rev-parse --show-toplevel [7ms]
2026-01-11 21:23:27.549 [info] > git rev-parse --git-dir --git-common-dir [4ms]
2026-01-11 21:23:27.549 [info] [Model][openRepository] Opened repository (path): /home/nikhil/git-clone/dwl
2026-01-11 21:23:27.549 [info] [Model][openRepository] Opened repository (real path): /home/nikhil/git-clone/dwl
2026-01-11 21:23:27.552 [info] > git rev-parse --show-toplevel [138ms]
2026-01-11 21:23:27.552 [info] fatal: not a git repository (or any of the parent directories): .git
2026-01-11 21:23:27.552 [info] > git config --get commit.template [149ms]
2026-01-11 21:23:27.594 [info] > git rev-parse --show-toplevel [10ms]
2026-01-11 21:23:27.600 [info] > git for-each-ref --format=%(refname)%00%(upstream:short)%00%(objectname)%00%(upstream:track)%00%(upstream:remotename)%00%(upstream:remoteref) refs/heads/main refs/remotes/main [8ms]
2026-01-11 21:23:27.616 [warning] [Git][revParse] Unable to read file: ENOENT: no such file or directory, open '/home/nikhil/git-clone/dwl/.git/refs/remotes/origin/main'
2026-01-11 21:23:27.616 [info] > git rev-parse --show-toplevel [16ms]
2026-01-11 21:23:27.633 [info] > git rev-parse refs/remotes/origin/main [18ms]
2026-01-11 21:23:27.645 [info] > git status -z -uall [7ms]
2026-01-11 21:23:27.646 [info] > git rev-parse --show-toplevel [14ms]
2026-01-11 21:23:27.646 [info] [Model][doInitialScan] Initial repository scan completed - repositories (1), closed repositories (0), parent repositories (0), unsafe repositories (0)
2026-01-11 21:23:27.647 [info] > git for-each-ref --sort -committerdate --format %(refname)%00%(objectname)%00%(*objectname) [4ms]
2026-01-11 21:23:27.683 [info] > git for-each-ref --format=%(refname)%00%(upstream:short)%00%(objectname)%00%(upstream:track)%00%(upstream:remotename)%00%(upstream:remoteref) refs/heads/main refs/remotes/main [11ms]
2026-01-11 21:23:27.691 [info] > git config --get --local branch.main.vscode-merge-base [4ms]
2026-01-11 21:23:27.696 [info] > git config --get commit.template [14ms]
2026-01-11 21:23:27.698 [info] > git for-each-ref --format=%(refname)%00%(upstream:short)%00%(objectname)%00%(upstream:track)%00%(upstream:remotename)%00%(upstream:remoteref) refs/heads/origin/main refs/remotes/origin/main [3ms]
2026-01-11 21:23:27.709 [info] > git merge-base refs/heads/main refs/remotes/origin/main [6ms]
2026-01-11 21:23:27.715 [info] > git for-each-ref --format=%(refname)%00%(upstream:short)%00%(objectname)%00%(upstream:track)%00%(upstream:remotename)%00%(upstream:remoteref) refs/heads/main refs/remotes/main [6ms]
2026-01-11 21:23:27.720 [warning] [Git][revParse] Unable to read file: ENOENT: no such file or directory, open '/home/nikhil/git-clone/dwl/.git/refs/remotes/origin/main'
2026-01-11 21:23:27.721 [info] > git diff --name-status -z --diff-filter=ADMR 9b11a49cb757b80f8589088b487b5f1e56643aa1...refs/remotes/origin/main [7ms]
2026-01-11 21:23:27.722 [info] > git rev-parse refs/remotes/origin/main [2ms]
2026-01-11 21:23:27.732 [info] > git status -z -uall [6ms]
2026-01-11 21:23:27.733 [info] > git for-each-ref --sort -committerdate --format %(refname)%00%(objectname)%00%(*objectname) [2ms]
2026-01-11 21:23:27.770 [info] > git show --textconv :config.def.h [6ms]
2026-01-11 21:23:27.771 [info] > git ls-files --stage -- config.def.h [2ms]
2026-01-11 21:23:27.776 [info] > git cat-file -s 8a6eda001fb810bff5f9fed72290fe9708baab27 [1ms]
2026-01-11 21:23:27.857 [info] > git blame --root --incremental 9b11a49cb757b80f8589088b487b5f1e56643aa1 -- config.def.h [36ms]
2026-01-11 21:23:28.073 [info] > git check-ignore -v -z --stdin [3ms]
2026-01-11 21:23:34.447 [info] [main] Log level: Info
2026-01-11 21:23:34.447 [info] [main] Validating found git in: "git"
2026-01-11 21:23:34.447 [info] [main] Using git "2.51.2" from "git"
2026-01-11 21:23:34.447 [info] [Model][doInitialScan] Initial repository scan started
2026-01-11 21:23:34.447 [info] [Model][doInitialScan] Initial repository scan completed - repositories (0), closed repositories (0), parent repositories (0), unsafe repositories (0)
2026-01-11 21:23:43.735 [info] [main] Log level: Info
2026-01-11 21:23:43.735 [info] [main] Validating found git in: "git"
2026-01-11 21:23:43.735 [info] [main] Using git "2.51.2" from "git"
2026-01-11 21:23:43.735 [info] [Model][doInitialScan] Initial repository scan started
2026-01-11 21:23:43.735 [info] > git rev-parse --show-toplevel [7ms]
2026-01-11 21:23:43.748 [info] > git rev-parse --git-dir --git-common-dir [8ms]
2026-01-11 21:23:43.759 [info] [Model][openRepository] Opened repository (path): /home/nikhil/dwl
2026-01-11 21:23:43.759 [info] [Model][openRepository] Opened repository (real path): /home/nikhil/dwl
2026-01-11 21:23:43.783 [info] > git rev-parse --show-toplevel [4ms]
2026-01-11 21:23:43.784 [info] > git config --get commit.template [9ms]
2026-01-11 21:23:43.797 [info] > git rev-parse --show-toplevel [7ms]
2026-01-11 21:23:43.802 [info] > git for-each-ref --format=%(refname)%00%(upstream:short)%00%(objectname)%00%(upstream:track)%00%(upstream:remotename)%00%(upstream:remoteref) refs/heads/dwl-dev refs/remotes/dwl-dev [6ms]
2026-01-11 21:23:43.807 [warning] [Git][revParse] Unable to read file: ENOENT: no such file or directory, open '/home/nikhil/dwl/.git/refs/remotes/origin/dwl-dev'
2026-01-11 21:23:43.808 [info] > git rev-parse --show-toplevel [6ms]
2026-01-11 21:23:43.808 [info] [Model][doInitialScan] Initial repository scan completed - repositories (1), closed repositories (0), parent repositories (0), unsafe repositories (0)
2026-01-11 21:23:43.809 [info] > git rev-parse refs/remotes/origin/dwl-dev [2ms]
2026-01-11 21:23:43.819 [info] > git status -z -uall [6ms]
2026-01-11 21:23:43.820 [info] > git for-each-ref --sort -committerdate --format %(refname)%00%(objectname)%00%(*objectname) [2ms]
2026-01-11 21:23:43.851 [info] > git for-each-ref --format=%(refname)%00%(upstream:short)%00%(objectname)%00%(upstream:track)%00%(upstream:remotename)%00%(upstream:remoteref) refs/heads/dwl-dev refs/remotes/dwl-dev [9ms]
2026-01-11 21:23:43.861 [info] > git config --get --local branch.dwl-dev.vscode-merge-base [6ms]
2026-01-11 21:23:43.861 [warning] [Git][config] git config failed: Failed to execute git
2026-01-11 21:23:43.866 [info] > git config --get commit.template [16ms]
2026-01-11 21:23:43.895 [info] > git reflog dwl-dev --grep-reflog=branch: Created from *. [29ms]
2026-01-11 21:23:43.902 [info] > git symbolic-ref --short refs/remotes/origin/HEAD [3ms]
2026-01-11 21:23:43.906 [info] > git for-each-ref --format=%(refname)%00%(upstream:short)%00%(objectname)%00%(upstream:track)%00%(upstream:remotename)%00%(upstream:remoteref) refs/heads/dwl-dev refs/remotes/dwl-dev [11ms]
2026-01-11 21:23:43.910 [warning] [Git][revParse] Unable to read file: ENOENT: no such file or directory, open '/home/nikhil/dwl/.git/refs/remotes/origin/dwl-dev'
2026-01-11 21:23:43.912 [info] > git rev-parse refs/remotes/origin/dwl-dev [2ms]
2026-01-11 21:23:43.921 [info] > git for-each-ref --format=%(refname)%00%(upstream:short)%00%(objectname)%00%(upstream:track)%00%(upstream:remotename)%00%(upstream:remoteref) refs/heads/origin/dwl-dev refs/remotes/origin/dwl-dev [15ms]
2026-01-11 21:23:43.926 [info] > git status -z -uall [10ms]
2026-01-11 21:23:43.927 [info] > git for-each-ref --sort -committerdate --format %(refname)%00%(objectname)%00%(*objectname) [5ms]
2026-01-11 21:23:43.937 [info] > git for-each-ref --format=%(refname)%00%(upstream:short)%00%(objectname)%00%(upstream:track)%00%(upstream:remotename)%00%(upstream:remoteref) refs/heads/dwl-dev refs/remotes/dwl-dev [2ms]
2026-01-11 21:23:43.941 [info] > git config --add --local branch.dwl-dev.vscode-merge-base origin/dwl-dev [16ms]
2026-01-11 21:23:43.948 [info] > git config --get --local branch.dwl-dev.vscode-merge-base [7ms]
2026-01-11 21:23:43.953 [info] > git config --get commit.template [6ms]
2026-01-11 21:23:43.954 [info] > git for-each-ref --format=%(refname)%00%(upstream:short)%00%(objectname)%00%(upstream:track)%00%(upstream:remotename)%00%(upstream:remoteref) refs/heads/origin/dwl-dev refs/remotes/origin/dwl-dev [2ms]
2026-01-11 21:23:43.964 [info] > git merge-base refs/heads/dwl-dev refs/remotes/origin/dwl-dev [5ms]
2026-01-11 21:23:43.969 [info] > git for-each-ref --format=%(refname)%00%(upstream:short)%00%(objectname)%00%(upstream:track)%00%(upstream:remotename)%00%(upstream:remoteref) refs/heads/dwl-dev refs/remotes/dwl-dev [6ms]
2026-01-11 21:23:43.973 [warning] [Git][revParse] Unable to read file: ENOENT: no such file or directory, open '/home/nikhil/dwl/.git/refs/remotes/origin/dwl-dev'
2026-01-11 21:23:43.973 [info] > git diff --name-status -z --diff-filter=ADMR 0557d464ca1586cc071655dc9c50dfac90b52bf6...refs/remotes/origin/dwl-dev [5ms]
2026-01-11 21:23:43.974 [info] > git rev-parse refs/remotes/origin/dwl-dev [1ms]
2026-01-11 21:23:43.983 [info] > git status -z -uall [5ms]
2026-01-11 21:23:43.984 [info] > git for-each-ref --sort -committerdate --format %(refname)%00%(objectname)%00%(*objectname) [1ms]
2026-01-11 21:23:44.323 [info] > git check-ignore -v -z --stdin [10ms]
2026-01-11 21:23:44.845 [info] > git show --textconv :config.h [8ms]
2026-01-11 21:23:44.846 [info] > git ls-files --stage -- config.h [2ms]
2026-01-11 21:23:44.853 [info] > git cat-file -s e7892f95578c06bc967c56e44378fc3e7fb04d52 [1ms]
2026-01-11 21:23:45.023 [info] > git config --get commit.template [9ms]
2026-01-11 21:23:45.025 [info] > git for-each-ref --format=%(refname)%00%(upstream:short)%00%(objectname)%00%(upstream:track)%00%(upstream:remotename)%00%(upstream:remoteref) refs/heads/dwl-dev refs/remotes/dwl-dev [3ms]
2026-01-11 21:23:45.030 [warning] [Git][revParse] Unable to read file: ENOENT: no such file or directory, open '/home/nikhil/dwl/.git/refs/remotes/origin/dwl-dev'
2026-01-11 21:23:45.031 [info] > git rev-parse refs/remotes/origin/dwl-dev [1ms]
2026-01-11 21:23:45.042 [info] > git status -z -uall [6ms]
2026-01-11 21:23:45.043 [info] > git for-each-ref --sort -committerdate --format %(refname)%00%(objectname)%00%(*objectname) [2ms]
2026-01-11 21:23:45.113 [info] > git ls-files --stage -- config.h [1ms]
2026-01-11 21:23:45.119 [info] > git cat-file -s e7892f95578c06bc967c56e44378fc3e7fb04d52 [1ms]
2026-01-11 21:23:45.126 [info] > git show --textconv :config.h [1ms]
2026-01-11 21:24:16.536 [info] > git rev-parse --show-toplevel [2ms]
2026-01-11 21:24:19.204 [info] > git show --textconv :config.h [6ms]
2026-01-11 21:24:19.205 [info] > git ls-files --stage -- config.h [2ms]
2026-01-11 21:24:19.211 [info] > git cat-file -s e7892f95578c06bc967c56e44378fc3e7fb04d52 [1ms]
2026-01-11 21:24:32.101 [info] > git rev-parse --show-toplevel [2ms]
2026-01-11 21:24:34.245 [info] > git rev-parse --show-toplevel [1ms]
2026-01-11 21:24:34.251 [info] > git rev-parse --show-toplevel [1ms]
2026-01-11 21:24:34.467 [info] > git show --textconv :config.h [7ms]
2026-01-11 21:24:34.468 [info] > git ls-files --stage -- config.h [2ms]
2026-01-11 21:24:34.474 [info] > git cat-file -s e7892f95578c06bc967c56e44378fc3e7fb04d52 [2ms]
2026-01-11 21:24:45.330 [info] > git blame --root --incremental 0557d464ca1586cc071655dc9c50dfac90b52bf6 -- config.h [3ms]
2026-01-11 21:24:49.100 [info] > git config --get commit.template [26ms]
2026-01-11 21:24:49.102 [info] > git for-each-ref --format=%(refname)%00%(upstream:short)%00%(objectname)%00%(upstream:track)%00%(upstream:remotename)%00%(upstream:remoteref) refs/heads/dwl-dev refs/remotes/dwl-dev [4ms]
2026-01-11 21:24:49.111 [warning] [Git][revParse] Unable to read file: ENOENT: no such file or directory, open '/home/nikhil/dwl/.git/refs/remotes/origin/dwl-dev'
2026-01-11 21:24:49.113 [info] > git rev-parse refs/remotes/origin/dwl-dev [2ms]
2026-01-11 21:24:49.129 [info] > git status -z -uall [9ms]
2026-01-11 21:24:49.130 [info] > git for-each-ref --sort -committerdate --format %(refname)%00%(objectname)%00%(*objectname) [2ms]
2026-01-11 21:24:57.302 [info] > git config --get commit.template [7ms]
2026-01-11 21:24:57.303 [info] > git for-each-ref --format=%(refname)%00%(upstream:short)%00%(objectname)%00%(upstream:track)%00%(upstream:remotename)%00%(upstream:remoteref) refs/heads/dwl-dev refs/remotes/dwl-dev [1ms]
2026-01-11 21:24:57.309 [warning] [Git][revParse] Unable to read file: ENOENT: no such file or directory, open '/home/nikhil/dwl/.git/refs/remotes/origin/dwl-dev'
2026-01-11 21:24:57.310 [info] > git rev-parse refs/remotes/origin/dwl-dev [1ms]
2026-01-11 21:24:57.324 [info] > git status -z -uall [8ms]
2026-01-11 21:24:57.325 [info] > git for-each-ref --sort -committerdate --format %(refname)%00%(objectname)%00%(*objectname) [2ms]
2026-01-11 21:25:05.926 [info] > git config --get commit.template [5ms]
2026-01-11 21:25:05.927 [info] > git for-each-ref --format=%(refname)%00%(upstream:short)%00%(objectname)%00%(upstream:track)%00%(upstream:remotename)%00%(upstream:remoteref) refs/heads/dwl-dev refs/remotes/dwl-dev [1ms]
2026-01-11 21:25:05.932 [warning] [Git][revParse] Unable to read file: ENOENT: no such file or directory, open '/home/nikhil/dwl/.git/refs/remotes/origin/dwl-dev'
2026-01-11 21:25:05.933 [info] > git rev-parse refs/remotes/origin/dwl-dev [1ms]
2026-01-11 21:25:05.942 [info] > git status -z -uall [5ms]
2026-01-11 21:25:05.943 [info] > git for-each-ref --sort -committerdate --format %(refname)%00%(objectname)%00%(*objectname) [1ms]
2026-01-11 21:25:54.495 [info] > git config --get commit.template [8ms]
2026-01-11 21:25:54.495 [info] > git for-each-ref --format=%(refname)%00%(upstream:short)%00%(objectname)%00%(upstream:track)%00%(upstream:remotename)%00%(upstream:remoteref) refs/heads/dwl-dev refs/remotes/dwl-dev [1ms]
2026-01-11 21:25:54.500 [warning] [Git][revParse] Unable to read file: ENOENT: no such file or directory, open '/home/nikhil/dwl/.git/refs/remotes/origin/dwl-dev'
2026-01-11 21:25:54.501 [info] > git rev-parse refs/remotes/origin/dwl-dev [1ms]
2026-01-11 21:25:54.514 [info] > git status -z -uall [9ms]
2026-01-11 21:25:54.515 [info] > git for-each-ref --sort -committerdate --format %(refname)%00%(objectname)%00%(*objectname) [1ms]
2026-01-11 21:27:54.508 [info] > git config --get commit.template [25ms]
2026-01-11 21:27:54.510 [info] > git for-each-ref --format=%(refname)%00%(upstream:short)%00%(objectname)%00%(upstream:track)%00%(upstream:remotename)%00%(upstream:remoteref) refs/heads/dwl-dev refs/remotes/dwl-dev [5ms]
2026-01-11 21:27:54.523 [warning] [Git][revParse] Unable to read file: ENOENT: no such file or directory, open '/home/nikhil/dwl/.git/refs/remotes/origin/dwl-dev'
2026-01-11 21:27:54.525 [info] > git rev-parse refs/remotes/origin/dwl-dev [3ms]
2026-01-11 21:27:54.545 [info] > git status -z -uall [10ms]
2026-01-11 21:27:54.546 [info] > git for-each-ref --sort -committerdate --format %(refname)%00%(objectname)%00%(*objectname) [3ms]
2026-01-11 21:28:03.711 [info] > git config --get commit.template [8ms]
2026-01-11 21:28:03.712 [info] > git for-each-ref --format=%(refname)%00%(upstream:short)%00%(objectname)%00%(upstream:track)%00%(upstream:remotename)%00%(upstream:remoteref) refs/heads/dwl-dev refs/remotes/dwl-dev [2ms]
2026-01-11 21:28:03.719 [warning] [Git][revParse] Unable to read file: ENOENT: no such file or directory, open '/home/nikhil/dwl/.git/refs/remotes/origin/dwl-dev'
2026-01-11 21:28:03.721 [info] > git rev-parse refs/remotes/origin/dwl-dev [2ms]
2026-01-11 21:28:03.734 [info] > git status -z -uall [6ms]
2026-01-11 21:28:03.735 [info] > git for-each-ref --sort -committerdate --format %(refname)%00%(objectname)%00%(*objectname) [1ms]
2026-01-11 21:28:08.793 [info] > git config --get commit.template [22ms]
2026-01-11 21:28:08.795 [info] > git for-each-ref --format=%(refname)%00%(upstream:short)%00%(objectname)%00%(upstream:track)%00%(upstream:remotename)%00%(upstream:remoteref) refs/heads/dwl-dev refs/remotes/dwl-dev [2ms]
2026-01-11 21:28:08.802 [warning] [Git][revParse] Unable to read file: ENOENT: no such file or directory, open '/home/nikhil/dwl/.git/refs/remotes/origin/dwl-dev'
2026-01-11 21:28:08.804 [info] > git rev-parse refs/remotes/origin/dwl-dev [2ms]
2026-01-11 21:28:08.819 [info] > git status -z -uall [9ms]
2026-01-11 21:28:08.820 [info] > git for-each-ref --sort -committerdate --format %(refname)%00%(objectname)%00%(*objectname) [3ms]
2026-01-11 21:28:13.852 [info] > git config --get commit.template [6ms]
2026-01-11 21:28:13.853 [info] > git for-each-ref --format=%(refname)%00%(upstream:short)%00%(objectname)%00%(upstream:track)%00%(upstream:remotename)%00%(upstream:remoteref) refs/heads/dwl-dev refs/remotes/dwl-dev [1ms]
2026-01-11 21:28:13.858 [warning] [Git][revParse] Unable to read file: ENOENT: no such file or directory, open '/home/nikhil/dwl/.git/refs/remotes/origin/dwl-dev'
2026-01-11 21:28:13.859 [info] > git rev-parse refs/remotes/origin/dwl-dev [1ms]
2026-01-11 21:28:13.871 [info] > git status -z -uall [7ms]
2026-01-11 21:28:13.872 [info] > git for-each-ref --sort -committerdate --format %(refname)%00%(objectname)%00%(*objectname) [2ms]
2026-01-11 21:28:18.895 [info] > git config --get commit.template [7ms]
2026-01-11 21:28:18.896 [info] > git for-each-ref --format=%(refname)%00%(upstream:short)%00%(objectname)%00%(upstream:track)%00%(upstream:remotename)%00%(upstream:remoteref) refs/heads/dwl-dev refs/remotes/dwl-dev [2ms]
2026-01-11 21:28:18.902 [warning] [Git][revParse] Unable to read file: ENOENT: no such file or directory, open '/home/nikhil/dwl/.git/refs/remotes/origin/dwl-dev'
2026-01-11 21:28:18.904 [info] > git rev-parse refs/remotes/origin/dwl-dev [2ms]
2026-01-11 21:28:18.915 [info] > git status -z -uall [6ms]
2026-01-11 21:28:18.916 [info] > git for-each-ref --sort -committerdate --format %(refname)%00%(objectname)%00%(*objectname) [2ms]
2026-01-11 21:28:40.406 [info] > git config --get commit.template [6ms]
2026-01-11 21:28:40.407 [info] > git for-each-ref --format=%(refname)%00%(upstream:short)%00%(objectname)%00%(upstream:track)%00%(upstream:remotename)%00%(upstream:remoteref) refs/heads/dwl-dev refs/remotes/dwl-dev [1ms]
2026-01-11 21:28:40.413 [warning] [Git][revParse] Unable to read file: ENOENT: no such file or directory, open '/home/nikhil/dwl/.git/refs/remotes/origin/dwl-dev'
2026-01-11 21:28:40.414 [info] > git rev-parse refs/remotes/origin/dwl-dev [1ms]
2026-01-11 21:28:40.428 [info] > git status -z -uall [8ms]
2026-01-11 21:28:40.429 [info] > git for-each-ref --sort -committerdate --format %(refname)%00%(objectname)%00%(*objectname) [2ms]
2026-01-11 21:28:46.062 [info] > git config --get commit.template [2ms]
2026-01-11 21:28:46.071 [info] > git for-each-ref --format=%(refname)%00%(upstream:short)%00%(objectname)%00%(upstream:track)%00%(upstream:remotename)%00%(upstream:remoteref) refs/heads/dwl-dev refs/remotes/dwl-dev [2ms]
2026-01-11 21:28:46.079 [warning] [Git][revParse] Unable to read file: ENOENT: no such file or directory, open '/home/nikhil/dwl/.git/refs/remotes/origin/dwl-dev'
2026-01-11 21:28:46.083 [info] > git rev-parse refs/remotes/origin/dwl-dev [4ms]
2026-01-11 21:28:46.098 [info] > git status -z -uall [9ms]
2026-01-11 21:28:46.099 [info] > git for-each-ref --sort -committerdate --format %(refname)%00%(objectname)%00%(*objectname) [3ms]
2026-01-11 21:28:52.815 [info] > git config --get commit.template [7ms]
2026-01-11 21:28:52.816 [info] > git for-each-ref --format=%(refname)%00%(upstream:short)%00%(objectname)%00%(upstream:track)%00%(upstream:remotename)%00%(upstream:remoteref) refs/heads/dwl-dev refs/remotes/dwl-dev [1ms]
2026-01-11 21:28:52.823 [warning] [Git][revParse] Unable to read file: ENOENT: no such file or directory, open '/home/nikhil/dwl/.git/refs/remotes/origin/dwl-dev'
2026-01-11 21:28:52.824 [info] > git rev-parse refs/remotes/origin/dwl-dev [2ms]
2026-01-11 21:28:52.837 [info] > git status -z -uall [7ms]
2026-01-11 21:28:52.838 [info] > git for-each-ref --sort -committerdate --format %(refname)%00%(objectname)%00%(*objectname) [2ms]
2026-01-11 21:28:57.859 [info] > git config --get commit.template [6ms]
2026-01-11 21:28:57.860 [info] > git for-each-ref --format=%(refname)%00%(upstream:short)%00%(objectname)%00%(upstream:track)%00%(upstream:remotename)%00%(upstream:remoteref) refs/heads/dwl-dev refs/remotes/dwl-dev [2ms]
2026-01-11 21:28:57.865 [warning] [Git][revParse] Unable to read file: ENOENT: no such file or directory, open '/home/nikhil/dwl/.git/refs/remotes/origin/dwl-dev'
2026-01-11 21:28:57.866 [info] > git rev-parse refs/remotes/origin/dwl-dev [1ms]
2026-01-11 21:28:57.876 [info] > git status -z -uall [5ms]
2026-01-11 21:28:57.878 [info] > git for-each-ref --sort -committerdate --format %(refname)%00%(objectname)%00%(*objectname) [2ms]
2026-01-11 21:30:21.338 [info] > git config --get commit.template [1ms]
2026-01-11 21:30:21.344 [info] > git for-each-ref --format=%(refname)%00%(upstream:short)%00%(objectname)%00%(upstream:track)%00%(upstream:remotename)%00%(upstream:remoteref) refs/heads/dwl-dev refs/remotes/dwl-dev [1ms]
2026-01-11 21:30:21.350 [warning] [Git][revParse] Unable to read file: ENOENT: no such file or directory, open '/home/nikhil/dwl/.git/refs/remotes/origin/dwl-dev'
2026-01-11 21:30:21.350 [info] > git rev-parse refs/remotes/origin/dwl-dev [1ms]
2026-01-11 21:30:21.360 [info] > git status -z -uall [6ms]
2026-01-11 21:30:21.361 [info] > git for-each-ref --sort -committerdate --format %(refname)%00%(objectname)%00%(*objectname) [2ms]
2026-01-11 21:30:32.173 [info] > git config --get commit.template [10ms]
2026-01-11 21:30:32.174 [info] > git for-each-ref --format=%(refname)%00%(upstream:short)%00%(objectname)%00%(upstream:track)%00%(upstream:remotename)%00%(upstream:remoteref) refs/heads/dwl-dev refs/remotes/dwl-dev [2ms]
2026-01-11 21:30:32.181 [warning] [Git][revParse] Unable to read file: ENOENT: no such file or directory, open '/home/nikhil/dwl/.git/refs/remotes/origin/dwl-dev'
2026-01-11 21:30:32.182 [info] > git rev-parse refs/remotes/origin/dwl-dev [1ms]
2026-01-11 21:30:32.195 [info] > git status -z -uall [8ms]
2026-01-11 21:30:32.196 [info] > git for-each-ref --sort -committerdate --format %(refname)%00%(objectname)%00%(*objectname) [2ms]
2026-01-11 21:30:37.210 [info] > git config --get commit.template [6ms]
2026-01-11 21:30:37.211 [info] > git for-each-ref --format=%(refname)%00%(upstream:short)%00%(objectname)%00%(upstream:track)%00%(upstream:remotename)%00%(upstream:remoteref) refs/heads/dwl-dev refs/remotes/dwl-dev [1ms]
2026-01-11 21:30:37.215 [warning] [Git][revParse] Unable to read file: ENOENT: no such file or directory, open '/home/nikhil/dwl/.git/refs/remotes/origin/dwl-dev'
2026-01-11 21:30:37.216 [info] > git rev-parse refs/remotes/origin/dwl-dev [1ms]
2026-01-11 21:30:37.226 [info] > git status -z -uall [6ms]
2026-01-11 21:30:37.227 [info] > git for-each-ref --sort -committerdate --format %(refname)%00%(objectname)%00%(*objectname) [2ms]
2026-01-11 21:30:42.259 [info] > git config --get commit.template [11ms]
2026-01-11 21:30:42.260 [info] > git for-each-ref --format=%(refname)%00%(upstream:short)%00%(objectname)%00%(upstream:track)%00%(upstream:remotename)%00%(upstream:remoteref) refs/heads/dwl-dev refs/remotes/dwl-dev [2ms]
2026-01-11 21:30:42.265 [warning] [Git][revParse] Unable to read file: ENOENT: no such file or directory, open '/home/nikhil/dwl/.git/refs/remotes/origin/dwl-dev'
2026-01-11 21:30:42.266 [info] > git rev-parse refs/remotes/origin/dwl-dev [1ms]
2026-01-11 21:30:42.278 [info] > git status -z -uall [6ms]
2026-01-11 21:30:42.279 [info] > git for-each-ref --sort -committerdate --format %(refname)%00%(objectname)%00%(*objectname) [2ms]
2026-01-11 21:30:47.294 [info] > git config --get commit.template [1ms]
2026-01-11 21:30:47.301 [info] > git for-each-ref --format=%(refname)%00%(upstream:short)%00%(objectname)%00%(upstream:track)%00%(upstream:remotename)%00%(upstream:remoteref) refs/heads/dwl-dev refs/remotes/dwl-dev [1ms]
2026-01-11 21:30:47.307 [warning] [Git][revParse] Unable to read file: ENOENT: no such file or directory, open '/home/nikhil/dwl/.git/refs/remotes/origin/dwl-dev'
2026-01-11 21:30:47.308 [info] > git rev-parse refs/remotes/origin/dwl-dev [1ms]
2026-01-11 21:30:47.321 [info] > git status -z -uall [7ms]
2026-01-11 21:30:47.322 [info] > git for-each-ref --sort -committerdate --format %(refname)%00%(objectname)%00%(*objectname) [2ms]
2026-01-11 21:32:03.893 [info] > git config --get commit.template [8ms]
2026-01-11 21:32:03.910 [info] > git for-each-ref --format=%(refname)%00%(upstream:short)%00%(objectname)%00%(upstream:track)%00%(upstream:remotename)%00%(upstream:remoteref) refs/heads/dwl-dev refs/remotes/dwl-dev [2ms]
2026-01-11 21:32:03.917 [warning] [Git][revParse] Unable to read file: ENOENT: no such file or directory, open '/home/nikhil/dwl/.git/refs/remotes/origin/dwl-dev'
2026-01-11 21:32:03.918 [info] > git rev-parse refs/remotes/origin/dwl-dev [1ms]
2026-01-11 21:32:03.934 [info] > git status -z -uall [8ms]
2026-01-11 21:32:03.935 [info] > git for-each-ref --sort -committerdate --format %(refname)%00%(objectname)%00%(*objectname) [2ms]
2026-01-11 21:32:08.946 [info] > git config --get commit.template [1ms]
2026-01-11 21:32:08.952 [info] > git for-each-ref --format=%(refname)%00%(upstream:short)%00%(objectname)%00%(upstream:track)%00%(upstream:remotename)%00%(upstream:remoteref) refs/heads/dwl-dev refs/remotes/dwl-dev [1ms]
2026-01-11 21:32:08.957 [warning] [Git][revParse] Unable to read file: ENOENT: no such file or directory, open '/home/nikhil/dwl/.git/refs/remotes/origin/dwl-dev'
2026-01-11 21:32:08.958 [info] > git rev-parse refs/remotes/origin/dwl-dev [1ms]
2026-01-11 21:32:08.969 [info] > git status -z -uall [6ms]
2026-01-11 21:32:08.970 [info] > git for-each-ref --sort -committerdate --format %(refname)%00%(objectname)%00%(*objectname) [2ms]
2026-01-11 21:32:19.947 [info] > git config --get commit.template [7ms]
2026-01-11 21:32:19.948 [info] > git for-each-ref --format=%(refname)%00%(upstream:short)%00%(objectname)%00%(upstream:track)%00%(upstream:remotename)%00%(upstream:remoteref) refs/heads/dwl-dev refs/remotes/dwl-dev [2ms]
2026-01-11 21:32:19.954 [warning] [Git][revParse] Unable to read file: ENOENT: no such file or directory, open '/home/nikhil/dwl/.git/refs/remotes/origin/dwl-dev'
2026-01-11 21:32:19.956 [info] > git rev-parse refs/remotes/origin/dwl-dev [2ms]
2026-01-11 21:32:19.971 [info] > git status -z -uall [9ms]
2026-01-11 21:32:19.972 [info] > git for-each-ref --sort -committerdate --format %(refname)%00%(objectname)%00%(*objectname) [2ms]
2026-01-11 21:32:24.994 [info] > git config --get commit.template [5ms]
2026-01-11 21:32:24.994 [info] > git for-each-ref --format=%(refname)%00%(upstream:short)%00%(objectname)%00%(upstream:track)%00%(upstream:remotename)%00%(upstream:remoteref) refs/heads/dwl-dev refs/remotes/dwl-dev [1ms]
2026-01-11 21:32:24.999 [warning] [Git][revParse] Unable to read file: ENOENT: no such file or directory, open '/home/nikhil/dwl/.git/refs/remotes/origin/dwl-dev'
2026-01-11 21:32:25.000 [info] > git rev-parse refs/remotes/origin/dwl-dev [1ms]
2026-01-11 21:32:25.011 [info] > git status -z -uall [6ms]
2026-01-11 21:32:25.012 [info] > git for-each-ref --sort -committerdate --format %(refname)%00%(objectname)%00%(*objectname) [2ms]
2026-01-11 21:32:30.198 [info] > git config --get commit.template [6ms]
2026-01-11 21:32:30.199 [info] > git for-each-ref --format=%(refname)%00%(upstream:short)%00%(objectname)%00%(upstream:track)%00%(upstream:remotename)%00%(upstream:remoteref) refs/heads/dwl-dev refs/remotes/dwl-dev [1ms]
2026-01-11 21:32:30.204 [warning] [Git][revParse] Unable to read file: ENOENT: no such file or directory, open '/home/nikhil/dwl/.git/refs/remotes/origin/dwl-dev'
2026-01-11 21:32:30.206 [info] > git rev-parse refs/remotes/origin/dwl-dev [2ms]
2026-01-11 21:32:30.217 [info] > git status -z -uall [6ms]
2026-01-11 21:32:30.218 [info] > git for-each-ref --sort -committerdate --format %(refname)%00%(objectname)%00%(*objectname) [2ms]
2026-01-11 21:32:35.250 [info] > git config --get commit.template [14ms]
2026-01-11 21:32:35.251 [info] > git for-each-ref --format=%(refname)%00%(upstream:short)%00%(objectname)%00%(upstream:track)%00%(upstream:remotename)%00%(upstream:remoteref) refs/heads/dwl-dev refs/remotes/dwl-dev [3ms]
2026-01-11 21:32:35.262 [warning] [Git][revParse] Unable to read file: ENOENT: no such file or directory, open '/home/nikhil/dwl/.git/refs/remotes/origin/dwl-dev'
2026-01-11 21:32:35.264 [info] > git rev-parse refs/remotes/origin/dwl-dev [3ms]
2026-01-11 21:32:35.289 [info] > git status -z -uall [14ms]
2026-01-11 21:32:35.290 [info] > git for-each-ref --sort -committerdate --format %(refname)%00%(objectname)%00%(*objectname) [3ms]
2026-01-11 21:32:40.324 [info] > git config --get commit.template [6ms]
2026-01-11 21:32:40.325 [info] > git for-each-ref --format=%(refname)%00%(upstream:short)%00%(objectname)%00%(upstream:track)%00%(upstream:remotename)%00%(upstream:remoteref) refs/heads/dwl-dev refs/remotes/dwl-dev [2ms]
2026-01-11 21:32:40.331 [warning] [Git][revParse] Unable to read file: ENOENT: no such file or directory, open '/home/nikhil/dwl/.git/refs/remotes/origin/dwl-dev'
2026-01-11 21:32:40.332 [info] > git rev-parse refs/remotes/origin/dwl-dev [1ms]
2026-01-11 21:32:40.343 [info] > git status -z -uall [6ms]
2026-01-11 21:32:40.344 [info] > git for-each-ref --sort -committerdate --format %(refname)%00%(objectname)%00%(*objectname) [1ms]
2026-01-11 21:32:45.375 [info] > git config --get commit.template [14ms]
2026-01-11 21:32:45.377 [info] > git for-each-ref --format=%(refname)%00%(upstream:short)%00%(objectname)%00%(upstream:track)%00%(upstream:remotename)%00%(upstream:remoteref) refs/heads/dwl-dev refs/remotes/dwl-dev [3ms]
2026-01-11 21:32:45.389 [warning] [Git][revParse] Unable to read file: ENOENT: no such file or directory, open '/home/nikhil/dwl/.git/refs/remotes/origin/dwl-dev'
2026-01-11 21:32:45.392 [info] > git rev-parse refs/remotes/origin/dwl-dev [3ms]
2026-01-11 21:32:45.413 [info] > git status -z -uall [10ms]
2026-01-11 21:32:45.415 [info] > git for-each-ref --sort -committerdate --format %(refname)%00%(objectname)%00%(*objectname) [2ms]
2026-01-11 21:32:50.434 [info] > git config --get commit.template [6ms]
2026-01-11 21:32:50.435 [info] > git for-each-ref --format=%(refname)%00%(upstream:short)%00%(objectname)%00%(upstream:track)%00%(upstream:remotename)%00%(upstream:remoteref) refs/heads/dwl-dev refs/remotes/dwl-dev [1ms]
2026-01-11 21:32:50.441 [warning] [Git][revParse] Unable to read file: ENOENT: no such file or directory, open '/home/nikhil/dwl/.git/refs/remotes/origin/dwl-dev'
2026-01-11 21:32:50.442 [info] > git rev-parse refs/remotes/origin/dwl-dev [1ms]
2026-01-11 21:32:50.455 [info] > git status -z -uall [6ms]
2026-01-11 21:32:50.457 [info] > git for-each-ref --sort -committerdate --format %(refname)%00%(objectname)%00%(*objectname) [2ms]
2026-01-11 21:33:18.093 [info] > git config --get commit.template [7ms]
2026-01-11 21:33:18.094 [info] > git for-each-ref --format=%(refname)%00%(upstream:short)%00%(objectname)%00%(upstream:track)%00%(upstream:remotename)%00%(upstream:remoteref) refs/heads/dwl-dev refs/remotes/dwl-dev [1ms]
2026-01-11 21:33:18.100 [warning] [Git][revParse] Unable to read file: ENOENT: no such file or directory, open '/home/nikhil/dwl/.git/refs/remotes/origin/dwl-dev'
2026-01-11 21:33:18.101 [info] > git rev-parse refs/remotes/origin/dwl-dev [1ms]
2026-01-11 21:33:18.114 [info] > git status -z -uall [7ms]
2026-01-11 21:33:18.115 [info] > git for-each-ref --sort -committerdate --format %(refname)%00%(objectname)%00%(*objectname) [1ms]
2026-01-11 21:34:03.392 [info] > git config --get commit.template [9ms]
2026-01-11 21:34:03.393 [info] > git for-each-ref --format=%(refname)%00%(upstream:short)%00%(objectname)%00%(upstream:track)%00%(upstream:remotename)%00%(upstream:remoteref) refs/heads/dwl-dev refs/remotes/dwl-dev [2ms]
2026-01-11 21:34:03.399 [warning] [Git][revParse] Unable to read file: ENOENT: no such file or directory, open '/home/nikhil/dwl/.git/refs/remotes/origin/dwl-dev'
2026-01-11 21:34:03.400 [info] > git rev-parse refs/remotes/origin/dwl-dev [2ms]
2026-01-11 21:34:03.413 [info] > git status -z -uall [7ms]
2026-01-11 21:34:03.413 [info] > git for-each-ref --sort -committerdate --format %(refname)%00%(objectname)%00%(*objectname) [1ms]
2026-01-11 21:34:08.477 [info] > git config --get commit.template [29ms]
2026-01-11 21:34:08.479 [info] > git for-each-ref --format=%(refname)%00%(upstream:short)%00%(objectname)%00%(upstream:track)%00%(upstream:remotename)%00%(upstream:remoteref) refs/heads/dwl-dev refs/remotes/dwl-dev [4ms]
2026-01-11 21:34:08.489 [warning] [Git][revParse] Unable to read file: ENOENT: no such file or directory, open '/home/nikhil/dwl/.git/refs/remotes/origin/dwl-dev'
2026-01-11 21:34:08.491 [info] > git rev-parse refs/remotes/origin/dwl-dev [2ms]
2026-01-11 21:34:08.506 [info] > git status -z -uall [8ms]
2026-01-11 21:34:08.507 [info] > git for-each-ref --sort -committerdate --format %(refname)%00%(objectname)%00%(*objectname) [2ms]
2026-01-11 21:34:18.247 [info] > git config --get commit.template [6ms]
2026-01-11 21:34:18.247 [info] > git for-each-ref --format=%(refname)%00%(upstream:short)%00%(objectname)%00%(upstream:track)%00%(upstream:remotename)%00%(upstream:remoteref) refs/heads/dwl-dev refs/remotes/dwl-dev [1ms]
2026-01-11 21:34:18.252 [warning] [Git][revParse] Unable to read file: ENOENT: no such file or directory, open '/home/nikhil/dwl/.git/refs/remotes/origin/dwl-dev'
2026-01-11 21:34:18.253 [info] > git rev-parse refs/remotes/origin/dwl-dev [1ms]
2026-01-11 21:34:18.265 [info] > git status -z -uall [7ms]
2026-01-11 21:34:18.265 [info] > git for-each-ref --sort -committerdate --format %(refname)%00%(objectname)%00%(*objectname) [2ms]
2026-01-11 21:34:33.009 [info] > git config --get commit.template [8ms]
2026-01-11 21:34:33.009 [info] > git for-each-ref --format=%(refname)%00%(upstream:short)%00%(objectname)%00%(upstream:track)%00%(upstream:remotename)%00%(upstream:remoteref) refs/heads/dwl-dev refs/remotes/dwl-dev [1ms]
2026-01-11 21:34:33.014 [warning] [Git][revParse] Unable to read file: ENOENT: no such file or directory, open '/home/nikhil/dwl/.git/refs/remotes/origin/dwl-dev'
2026-01-11 21:34:33.015 [info] > git rev-parse refs/remotes/origin/dwl-dev [1ms]
2026-01-11 21:34:33.028 [info] > git status -z -uall [7ms]
2026-01-11 21:34:33.029 [info] > git for-each-ref --sort -committerdate --format %(refname)%00%(objectname)%00%(*objectname) [2ms]
2026-01-11 21:36:30.857 [info] > git config --get commit.template [8ms]
2026-01-11 21:36:30.858 [info] > git for-each-ref --format=%(refname)%00%(upstream:short)%00%(objectname)%00%(upstream:track)%00%(upstream:remotename)%00%(upstream:remoteref) refs/heads/dwl-dev refs/remotes/dwl-dev [2ms]
2026-01-11 21:36:30.865 [warning] [Git][revParse] Unable to read file: ENOENT: no such file or directory, open '/home/nikhil/dwl/.git/refs/remotes/origin/dwl-dev'
2026-01-11 21:36:30.866 [info] > git rev-parse refs/remotes/origin/dwl-dev [1ms]
2026-01-11 21:36:30.878 [info] > git status -z -uall [6ms]
2026-01-11 21:36:30.879 [info] > git for-each-ref --sort -committerdate --format %(refname)%00%(objectname)%00%(*objectname) [2ms]
2026-01-11 21:36:35.937 [info] > git config --get commit.template [22ms]
2026-01-11 21:36:35.939 [info] > git for-each-ref --format=%(refname)%00%(upstream:short)%00%(objectname)%00%(upstream:track)%00%(upstream:remotename)%00%(upstream:remoteref) refs/heads/dwl-dev refs/remotes/dwl-dev [3ms]
2026-01-11 21:36:35.948 [warning] [Git][revParse] Unable to read file: ENOENT: no such file or directory, open '/home/nikhil/dwl/.git/refs/remotes/origin/dwl-dev'
2026-01-11 21:36:35.950 [info] > git rev-parse refs/remotes/origin/dwl-dev [2ms]
2026-01-11 21:36:35.965 [info] > git status -z -uall [8ms]
2026-01-11 21:36:35.966 [info] > git for-each-ref --sort -committerdate --format %(refname)%00%(objectname)%00%(*objectname) [2ms]
2026-01-11 21:36:40.987 [info] > git config --get commit.template [7ms]
2026-01-11 21:36:40.988 [info] > git for-each-ref --format=%(refname)%00%(upstream:short)%00%(objectname)%00%(upstream:track)%00%(upstream:remotename)%00%(upstream:remoteref) refs/heads/dwl-dev refs/remotes/dwl-dev [1ms]
2026-01-11 21:36:40.994 [warning] [Git][revParse] Unable to read file: ENOENT: no such file or directory, open '/home/nikhil/dwl/.git/refs/remotes/origin/dwl-dev'
2026-01-11 21:36:40.995 [info] > git rev-parse refs/remotes/origin/dwl-dev [1ms]
2026-01-11 21:36:41.007 [info] > git status -z -uall [6ms]
2026-01-11 21:36:41.009 [info] > git for-each-ref --sort -committerdate --format %(refname)%00%(objectname)%00%(*objectname) [2ms]
2026-01-11 21:36:46.040 [info] > git config --get commit.template [6ms]
2026-01-11 21:36:46.041 [info] > git for-each-ref --format=%(refname)%00%(upstream:short)%00%(objectname)%00%(upstream:track)%00%(upstream:remotename)%00%(upstream:remoteref) refs/heads/dwl-dev refs/remotes/dwl-dev [1ms]
2026-01-11 21:36:46.047 [warning] [Git][revParse] Unable to read file: ENOENT: no such file or directory, open '/home/nikhil/dwl/.git/refs/remotes/origin/dwl-dev'
2026-01-11 21:36:46.048 [info] > git rev-parse refs/remotes/origin/dwl-dev [2ms]
2026-01-11 21:36:46.059 [info] > git status -z -uall [6ms]
2026-01-11 21:36:46.060 [info] > git for-each-ref --sort -committerdate --format %(refname)%00%(objectname)%00%(*objectname) [2ms]
2026-01-11 21:36:51.079 [info] > git config --get commit.template [4ms]
2026-01-11 21:36:51.079 [info] > git for-each-ref --format=%(refname)%00%(upstream:short)%00%(objectname)%00%(upstream:track)%00%(upstream:remotename)%00%(upstream:remoteref) refs/heads/dwl-dev refs/remotes/dwl-dev [1ms]
2026-01-11 21:36:51.084 [warning] [Git][revParse] Unable to read file: ENOENT: no such file or directory, open '/home/nikhil/dwl/.git/refs/remotes/origin/dwl-dev'
2026-01-11 21:36:51.085 [info] > git rev-parse refs/remotes/origin/dwl-dev [1ms]
2026-01-11 21:36:51.096 [info] > git status -z -uall [6ms]
2026-01-11 21:36:51.097 [info] > git for-each-ref --sort -committerdate --format %(refname)%00%(objectname)%00%(*objectname) [2ms]
2026-01-11 21:36:57.522 [info] > git config --get commit.template [5ms]
2026-01-11 21:36:57.523 [info] > git for-each-ref --format=%(refname)%00%(upstream:short)%00%(objectname)%00%(upstream:track)%00%(upstream:remotename)%00%(upstream:remoteref) refs/heads/dwl-dev refs/remotes/dwl-dev [1ms]
2026-01-11 21:36:57.528 [warning] [Git][revParse] Unable to read file: ENOENT: no such file or directory, open '/home/nikhil/dwl/.git/refs/remotes/origin/dwl-dev'
2026-01-11 21:36:57.529 [info] > git rev-parse refs/remotes/origin/dwl-dev [1ms]
2026-01-11 21:36:57.540 [info] > git status -z -uall [6ms]
2026-01-11 21:36:57.541 [info] > git for-each-ref --sort -committerdate --format %(refname)%00%(objectname)%00%(*objectname) [2ms]
2026-01-11 21:37:03.191 [info] > git config --get commit.template [11ms]
2026-01-11 21:37:03.191 [info] > git for-each-ref --format=%(refname)%00%(upstream:short)%00%(objectname)%00%(upstream:track)%00%(upstream:remotename)%00%(upstream:remoteref) refs/heads/dwl-dev refs/remotes/dwl-dev [1ms]
2026-01-11 21:37:03.197 [warning] [Git][revParse] Unable to read file: ENOENT: no such file or directory, open '/home/nikhil/dwl/.git/refs/remotes/origin/dwl-dev'
2026-01-11 21:37:03.198 [info] > git rev-parse refs/remotes/origin/dwl-dev [1ms]
2026-01-11 21:37:03.208 [info] > git status -z -uall [6ms]
2026-01-11 21:37:03.209 [info] > git for-each-ref --sort -committerdate --format %(refname)%00%(objectname)%00%(*objectname) [2ms]
2026-01-11 21:37:16.346 [info] > git config --get commit.template [9ms]
2026-01-11 21:37:16.347 [info] > git for-each-ref --format=%(refname)%00%(upstream:short)%00%(objectname)%00%(upstream:track)%00%(upstream:remotename)%00%(upstream:remoteref) refs/heads/dwl-dev refs/remotes/dwl-dev [2ms]
2026-01-11 21:37:16.351 [warning] [Git][revParse] Unable to read file: ENOENT: no such file or directory, open '/home/nikhil/dwl/.git/refs/remotes/origin/dwl-dev'
2026-01-11 21:37:16.352 [info] > git rev-parse refs/remotes/origin/dwl-dev [1ms]
2026-01-11 21:37:16.362 [info] > git status -z -uall [5ms]
2026-01-11 21:37:16.363 [info] > git for-each-ref --sort -committerdate --format %(refname)%00%(objectname)%00%(*objectname) [1ms]
2026-01-11 21:37:44.064 [info] > git config --get commit.template [10ms]
2026-01-11 21:37:44.065 [info] > git for-each-ref --format=%(refname)%00%(upstream:short)%00%(objectname)%00%(upstream:track)%00%(upstream:remotename)%00%(upstream:remoteref) refs/heads/dwl-dev refs/remotes/dwl-dev [2ms]
2026-01-11 21:37:44.072 [warning] [Git][revParse] Unable to read file: ENOENT: no such file or directory, open '/home/nikhil/dwl/.git/refs/remotes/origin/dwl-dev'
2026-01-11 21:37:44.073 [info] > git rev-parse refs/remotes/origin/dwl-dev [1ms]
2026-01-11 21:37:44.087 [info] > git status -z -uall [7ms]
2026-01-11 21:37:44.087 [info] > git for-each-ref --sort -committerdate --format %(refname)%00%(objectname)%00%(*objectname) [1ms]
2026-01-11 21:38:16.668 [info] > git config --get commit.template [19ms]
2026-01-11 21:38:16.669 [info] > git for-each-ref --format=%(refname)%00%(upstream:short)%00%(objectname)%00%(upstream:track)%00%(upstream:remotename)%00%(upstream:remoteref) refs/heads/dwl-dev refs/remotes/dwl-dev [3ms]
2026-01-11 21:38:16.679 [warning] [Git][revParse] Unable to read file: ENOENT: no such file or directory, open '/home/nikhil/dwl/.git/refs/remotes/origin/dwl-dev'
2026-01-11 21:38:16.681 [info] > git rev-parse refs/remotes/origin/dwl-dev [2ms]
2026-01-11 21:38:16.701 [info] > git status -z -uall [11ms]
2026-01-11 21:38:16.704 [info] > git for-each-ref --sort -committerdate --format %(refname)%00%(objectname)%00%(*objectname) [3ms]
2026-01-11 21:39:45.076 [info] > git config --get commit.template [8ms]
2026-01-11 21:39:45.077 [info] > git for-each-ref --format=%(refname)%00%(upstream:short)%00%(objectname)%00%(upstream:track)%00%(upstream:remotename)%00%(upstream:remoteref) refs/heads/dwl-dev refs/remotes/dwl-dev [2ms]
2026-01-11 21:39:45.085 [warning] [Git][revParse] Unable to read file: ENOENT: no such file or directory, open '/home/nikhil/dwl/.git/refs/remotes/origin/dwl-dev'
2026-01-11 21:39:45.088 [info] > git rev-parse refs/remotes/origin/dwl-dev [3ms]
2026-01-11 21:39:45.099 [info] > git status -z -uall [6ms]
2026-01-11 21:39:45.101 [info] > git for-each-ref --sort -committerdate --format %(refname)%00%(objectname)%00%(*objectname) [3ms]
2026-01-11 21:39:48.647 [info] > git check-ignore -v -z --stdin [3ms]
2026-01-11 21:39:50.038 [info] > git rev-parse --show-toplevel [1ms]
2026-01-11 21:39:50.083 [info] > git rev-parse --show-toplevel [1ms]
2026-01-11 21:39:50.116 [info] > git config --get commit.template [6ms]
2026-01-11 21:39:50.117 [info] > git for-each-ref --format=%(refname)%00%(upstream:short)%00%(objectname)%00%(upstream:track)%00%(upstream:remotename)%00%(upstream:remoteref) refs/heads/dwl-dev refs/remotes/dwl-dev [2ms]
2026-01-11 21:39:50.121 [warning] [Git][revParse] Unable to read file: ENOENT: no such file or directory, open '/home/nikhil/dwl/.git/refs/remotes/origin/dwl-dev'
2026-01-11 21:39:50.122 [info] > git rev-parse refs/remotes/origin/dwl-dev [1ms]
2026-01-11 21:39:50.133 [info] > git status -z -uall [6ms]
2026-01-11 21:39:50.134 [info] > git for-each-ref --sort -committerdate --format %(refname)%00%(objectname)%00%(*objectname) [2ms]
2026-01-11 21:39:50.490 [info] > git show --textconv :config.def.h [22ms]
2026-01-11 21:39:50.493 [info] > git ls-files --stage -- config.def.h [5ms]
2026-01-11 21:39:50.506 [info] > git cat-file -s d55d13dc4d9456ff828b4fa64a303df14545b61c [2ms]
2026-01-11 21:39:58.636 [info] > git rev-parse --show-toplevel [2ms]
2026-01-11 21:39:58.687 [info] > git rev-parse --show-toplevel [3ms]
2026-01-11 21:40:42.887 [info] > git rev-parse --show-toplevel [2ms]
2026-01-11 21:40:42.904 [info] > git rev-parse --show-toplevel [1ms]
2026-01-11 21:40:43.129 [info] > git show --textconv :config.h [10ms]
2026-01-11 21:40:43.130 [info] > git ls-files --stage -- config.h [2ms]
2026-01-11 21:40:43.137 [info] > git cat-file -s e7892f95578c06bc967c56e44378fc3e7fb04d52 [1ms]
2026-01-11 21:40:47.983 [info] > git config --get commit.template [6ms]
2026-01-11 21:40:47.983 [info] > git for-each-ref --format=%(refname)%00%(upstream:short)%00%(objectname)%00%(upstream:track)%00%(upstream:remotename)%00%(upstream:remoteref) refs/heads/dwl-dev refs/remotes/dwl-dev [1ms]
2026-01-11 21:40:47.990 [warning] [Git][revParse] Unable to read file: ENOENT: no such file or directory, open '/home/nikhil/dwl/.git/refs/remotes/origin/dwl-dev'
2026-01-11 21:40:47.991 [info] > git rev-parse refs/remotes/origin/dwl-dev [1ms]
2026-01-11 21:40:48.005 [info] > git status -z -uall [9ms]
2026-01-11 21:40:48.007 [info] > git for-each-ref --sort -committerdate --format %(refname)%00%(objectname)%00%(*objectname) [3ms]
2026-01-11 21:40:55.372 [info] > git config --get commit.template [6ms]
2026-01-11 21:40:55.373 [info] > git for-each-ref --format=%(refname)%00%(upstream:short)%00%(objectname)%00%(upstream:track)%00%(upstream:remotename)%00%(upstream:remoteref) refs/heads/dwl-dev refs/remotes/dwl-dev [2ms]
2026-01-11 21:40:55.378 [warning] [Git][revParse] Unable to read file: ENOENT: no such file or directory, open '/home/nikhil/dwl/.git/refs/remotes/origin/dwl-dev'
2026-01-11 21:40:55.379 [info] > git rev-parse refs/remotes/origin/dwl-dev [1ms]
2026-01-11 21:40:55.390 [info] > git status -z -uall [6ms]
2026-01-11 21:40:55.391 [info] > git for-each-ref --sort -committerdate --format %(refname)%00%(objectname)%00%(*objectname) [1ms]
2026-01-11 21:41:01.407 [info] > git check-ignore -v -z --stdin [1ms]
2026-01-11 21:41:02.039 [info] > git check-ignore -v -z --stdin [1ms]
2026-01-11 21:41:08.040 [info] > git config --get commit.template [1ms]
2026-01-11 21:41:08.051 [info] > git for-each-ref --format=%(refname)%00%(upstream:short)%00%(objectname)%00%(upstream:track)%00%(upstream:remotename)%00%(upstream:remoteref) refs/heads/dwl-dev refs/remotes/dwl-dev [2ms]
2026-01-11 21:41:08.058 [warning] [Git][revParse] Unable to read file: ENOENT: no such file or directory, open '/home/nikhil/dwl/.git/refs/remotes/origin/dwl-dev'
2026-01-11 21:41:08.059 [info] > git rev-parse refs/remotes/origin/dwl-dev [1ms]
2026-01-11 21:41:08.071 [info] > git status -z -uall [6ms]
2026-01-11 21:41:08.072 [info] > git for-each-ref --sort -committerdate --format %(refname)%00%(objectname)%00%(*objectname) [1ms]
2026-01-11 21:41:13.136 [info] > git config --get commit.template [29ms]
2026-01-11 21:41:13.139 [info] > git for-each-ref --format=%(refname)%00%(upstream:short)%00%(objectname)%00%(upstream:track)%00%(upstream:remotename)%00%(upstream:remoteref) refs/heads/dwl-dev refs/remotes/dwl-dev [6ms]
2026-01-11 21:41:13.149 [warning] [Git][revParse] Unable to read file: ENOENT: no such file or directory, open '/home/nikhil/dwl/.git/refs/remotes/origin/dwl-dev'
2026-01-11 21:41:13.152 [info] > git rev-parse refs/remotes/origin/dwl-dev [3ms]
2026-01-11 21:41:13.167 [info] > git status -z -uall [8ms]
2026-01-11 21:41:13.168 [info] > git for-each-ref --sort -committerdate --format %(refname)%00%(objectname)%00%(*objectname) [2ms]
2026-01-11 21:41:22.737 [info] > git config --get commit.template [6ms]
2026-01-11 21:41:22.738 [info] > git for-each-ref --format=%(refname)%00%(upstream:short)%00%(objectname)%00%(upstream:track)%00%(upstream:remotename)%00%(upstream:remoteref) refs/heads/dwl-dev refs/remotes/dwl-dev [1ms]
2026-01-11 21:41:22.749 [warning] [Git][revParse] Unable to read file: ENOENT: no such file or directory, open '/home/nikhil/dwl/.git/refs/remotes/origin/dwl-dev'
2026-01-11 21:41:22.756 [info] > git rev-parse refs/remotes/origin/dwl-dev [7ms]
2026-01-11 21:41:22.780 [info] > git status -z -uall [14ms]
2026-01-11 21:41:22.780 [info] > git for-each-ref --sort -committerdate --format %(refname)%00%(objectname)%00%(*objectname) [4ms]
